C251 COMPILER V5.60.0,  ledC4hz                                                            04/07/23  13:12:35  PAGE 1   


C251 COMPILER V5.60.0, COMPILATION OF MODULE ledC4hz
OBJECT MODULE PLACED IN .\Objects\ledC4hz.obj
COMPILER INVOKED BY: D:\Keil_v5\C251\BIN\C251.EXE Sources\Task\src\ledC4hz.c XSMALL FUNCTIONS(REENTRANT) OPTIMIZE(4,SPEE
                    -D) BROWSE INCDIR(.\Sources\User;.\Sources\User\include;.\Sources\FreeRTOS\include;.\Sources\FreeRTOS\portable\STC32G12K1
                    -28;.\Sources\Driver\inc;.\Sources\Task\inc) DEBUG PRINT(.\Listings\ledC4hz.lst) TABS(2) OBJECT(.\Objects\ledC4hz.obj) 

stmt  level    source

    1          #include "FreeRTOS.h"
    2          #include "task.h"
    3          
    4          #include "ledC4hz.h"
    5          
    6          void ledC4hz();
    7          
    8          portTASK_FUNCTION( vLEDC4hzTask, pvParameters)
    9          {
   10   1        UNUSED( pvParameters );
   11   1          while(1)
   12   1          {
   13   2            vTaskDelay(5);
   14   2          }
   15   1          vTaskDelete(NULL);
   16   1      }
   17          
   18          void ledC4hz()
   19          {
   20   1        P44=1;
   21   1        vTaskDelay(125);
   22   1        P44=0;
   23   1        vTaskDelay(125);
   24   1      }


Module Information          Static   Overlayable
------------------------------------------------
  code size            =        28     ------
  ecode size           =    ------     ------
  data size            =    ------     ------
  idata size           =    ------     ------
  pdata size           =    ------     ------
  xdata size           =    ------     ------
  xdata-const size     =    ------     ------
  edata size           =    ------     ------
  bit size             =    ------     ------
  ebit size            =    ------     ------
  bitaddressable size  =    ------     ------
  ebitaddressable size =    ------     ------
  far data size        =    ------     ------
  huge data size       =    ------     ------
  const size           =    ------     ------
  hconst size          =    ------     ------
End of Module Information.


C251 COMPILATION COMPLETE.  0 WARNING(S),  0 ERROR(S)
